$ next build
   ▲ Next.js 15.5.20

   Creating an optimized production build ...
 ✓ Compiled successfully in 4.0s
   Linting and checking validity of types ...

 ⚠ The Next.js plugin was not detected in your ESLint configuration. See https://nextjs.org/docs/app/api-reference/config/eslint#migrating-existing-config
   Collecting page data ...
   Generating static pages (0/18) ...
   Generating static pages (4/18) 
   Generating static pages (8/18) 
   Generating static pages (13/18) 
 ✓ Generating static pages (18/18)
   Finalizing page optimization ...
   Collecting build traces ...

Route (app)                                 Size  First Load JS
┌ ○ /                                      175 B         105 kB
├ ○ /_not-found                            991 B         103 kB
├ ○ /account                               175 B         105 kB
├ ○ /account/notifications               1.11 kB         106 kB
├ ○ /account/profile                       999 B         106 kB
├ ○ /account/security                      175 B         105 kB
├ ƒ /api/v1/me                             130 B         102 kB
├ ○ /dev/diagnostics                       175 B         105 kB
├ ○ /error                                 175 B         105 kB
├ ○ /forgot-password                       824 B         106 kB
├ ƒ /health/live                           130 B         102 kB
├ ƒ /health/ready                          130 B         102 kB
├ ○ /login                                 939 B         106 kB
├ ○ /register                              929 B         106 kB
├ ○ /reset-password                        828 B         106 kB
└ ○ /verify-email                          175 B         105 kB
+ First Load JS shared by all             102 kB
  ├ chunks/558-239c31f73a257451.js       45.7 kB
  ├ chunks/567e3fde-8c71b67cb98676f3.js  54.2 kB
  └ other shared chunks (total)          1.99 kB


○  (Static)   prerendered as static content
ƒ  (Dynamic)  server-rendered on demand

